// Jest Snapshot v1, https://goo.gl/fbAQLP

exports[`Overview Component renders correctly and matches snapshot 1`] = `
<div>
  <div
    class="container"
  >
    <h1
      class="title"
    >
      Parking Overview
    </h1>
    <div
      class="grid"
    >
      <div
        class="indicator"
      >
        <h3
          class="title"
        >
          Residents
        </h3>
        <div
          class="circularIndicator"
        >
          <svg
            height="120"
            viewBox="0 0 120 120"
            width="120"
          >
            <circle
              class="backgroundCircle"
              cx="60"
              cy="60"
              fill="none"
              r="45"
              stroke="#e0e0e0"
              stroke-width="10"
            />
            <circle
              class="progressCircle "
              cx="60"
              cy="60"
              fill="none"
              r="45"
              stroke="#4caf50"
              stroke-dasharray="282.7433388230814"
              stroke-dashoffset="277.08847204661976"
              stroke-width="10"
              transform="rotate(-90 60 60)"
            />
            <text
              class="percentageText"
              dy=".3em"
              text-anchor="middle"
              x="60"
              y="60"
            >
              2
              %
            </text>
          </svg>
        </div>
        <div
          class="digital"
        >
          1
           / 
          50
        </div>
      </div>
      <div
        class="indicator"
      >
        <h3
          class="title"
        >
          Non-Resident Cars
        </h3>
        <div
          class="circularIndicator"
        >
          <svg
            height="120"
            viewBox="0 0 120 120"
            width="120"
          >
            <circle
              class="backgroundCircle"
              cx="60"
              cy="60"
              fill="none"
              r="45"
              stroke="#e0e0e0"
              stroke-width="10"
            />
            <circle
              class="progressCircle "
              cx="60"
              cy="60"
              fill="none"
              r="45"
              stroke="#4caf50"
              stroke-dasharray="282.7433388230814"
              stroke-dashoffset="254.46900494077326"
              stroke-width="10"
              transform="rotate(-90 60 60)"
            />
            <text
              class="percentageText"
              dy=".3em"
              text-anchor="middle"
              x="60"
              y="60"
            >
              10
              %
            </text>
          </svg>
        </div>
        <div
          class="digital"
        >
          8
           / 
          80
        </div>
      </div>
      <div
        class="indicator"
      >
        <h3
          class="title"
        >
          Non-Resident Motorcycles
        </h3>
        <div
          class="circularIndicator"
        >
          <svg
            height="120"
            viewBox="0 0 120 120"
            width="120"
          >
            <circle
              class="backgroundCircle"
              cx="60"
              cy="60"
              fill="none"
              r="45"
              stroke="#e0e0e0"
              stroke-width="10"
            />
            <circle
              class="progressCircle "
              cx="60"
              cy="60"
              fill="none"
              r="45"
              stroke="#4caf50"
              stroke-dasharray="282.7433388230814"
              stroke-dashoffset="56.54866776461628"
              stroke-width="10"
              transform="rotate(-90 60 60)"
            />
            <text
              class="percentageText"
              dy=".3em"
              text-anchor="middle"
              x="60"
              y="60"
            >
              80
              %
            </text>
          </svg>
        </div>
        <div
          class="digital"
        >
          16
           / 
          20
        </div>
      </div>
    </div>
    <div
      class="totalOccupancyWrapper"
    >
      <div
        class="totalOccupancy"
      >
        <h2>
          Total Occupancy
        </h2>
        <div
          class="indicator"
        >
          <div
            class="circularIndicator"
          >
            <svg
              height="120"
              viewBox="0 0 120 120"
              width="120"
            >
              <circle
                class="backgroundCircle"
                cx="60"
                cy="60"
                fill="none"
                r="45"
                stroke="#e0e0e0"
                stroke-width="10"
              />
              <circle
                class="progressCircle "
                cx="60"
                cy="60"
                fill="none"
                r="45"
                stroke="#4caf50"
                stroke-dasharray="282.7433388230814"
                stroke-dashoffset="235.61944901923454"
                stroke-width="10"
                transform="rotate(-90 60 60)"
              />
              <text
                class="percentageText"
                dy=".3em"
                text-anchor="middle"
                x="60"
                y="60"
              >
                17
                %
              </text>
            </svg>
          </div>
          <div
            class="digital"
          >
            25
             / 
            150
          </div>
        </div>
      </div>
    </div>
  </div>
</div>
`;
