// Jest Snapshot v1, https://goo.gl/fbAQLP

exports[`Sessions Component renders correctly and matches snapshot 1`] = `
<div>
  <div
    class="filters"
  >
    <div
      class="filterItem"
    >
      <label
        for="vehicleType"
      >
        Vehicle Type
      </label>
      <select
        id="vehicleType"
      >
        <option
          value=""
        >
          All
        </option>
        <option
          value="CAR"
        >
          CAR
        </option>
        <option
          value="MOTOR"
        >
          MOTOR
        </option>
      </select>
    </div>
    <div
      class="filterItem"
    >
      <label
        for="sessionStartedAtFrom"
      >
        Start Date
      </label>
      <input
        id="sessionStartedAtFrom"
        type="date"
        value=""
      />
    </div>
    <div
      class="filterItem"
    >
      <label
        for="sessionEndedAtTo"
      >
        End Date
      </label>
      <input
        id="sessionEndedAtTo"
        type="date"
        value=""
      />
    </div>
    <div
      class="filterItem"
    >
      <label
        for="isSessionEnded"
      >
        Status
      </label>
      <select
        id="isSessionEnded"
      >
        <option
          value=""
        >
          All
        </option>
        <option
          value="false"
        >
          Active
        </option>
        <option
          value="true"
        >
          Inactive
        </option>
      </select>
    </div>
  </div>
</div>
`;
