// Jest Snapshot v1, https://goo.gl/fbAQLP

exports[`Sessions Component renders correctly and matches snapshot 1`] = `
<div>
  <div>
    <div
      class="filters"
    >
      <div
        class="filterItem"
      >
        <label
          for="vehicleType"
        >
          Vehicle Type
        </label>
        <select
          id="vehicleType"
        >
          <option
            value=""
          >
            All
          </option>
          <option
            value="CAR"
          >
            CAR
          </option>
          <option
            value="MOTOR"
          >
            MOTOR
          </option>
        </select>
      </div>
      <div
        class="filterItem"
      >
        <label
          for="sessionStartedAtFrom"
        >
          Start Date
        </label>
        <input
          id="sessionStartedAtFrom"
          type="date"
          value=""
        />
      </div>
      <div
        class="filterItem"
      >
        <label
          for="sessionEndedAtTo"
        >
          End Date
        </label>
        <input
          id="sessionEndedAtTo"
          type="date"
          value=""
        />
      </div>
      <div
        class="filterItem"
      >
        <label
          for="isSessionEnded"
        >
          Status
        </label>
        <select
          id="isSessionEnded"
        >
          <option
            value=""
          >
            All
          </option>
          <option
            value="false"
          >
            Active
          </option>
          <option
            value="true"
          >
            Inactive
          </option>
        </select>
      </div>
    </div>
    <table
      class="table"
    >
      <thead>
        <tr>
          <th
            class="th"
          >
            ID
          </th>
          <th
            class="th"
          >
            Space ID
          </th>
          <th
            class="th"
          >
            Status
          </th>
          <th
            class="th"
          >
            Length
          </th>
          <th
            class="th"
          >
            Start Time
          </th>
          <th
            class="th"
          >
            End Time
          </th>
          <th
            class="th"
          >
            License Plate
          </th>
          <th
            class="th"
          >
            Vehicle Type
          </th>
          <th
            class="th"
          >
            Actions
          </th>
        </tr>
      </thead>
      <tbody>
        <tr
          class="tr"
        >
          <td
            class="td"
          >
            8ad85151-7da3-4a9b-91fe-0bbcd9279b30
          </td>
          <td
            class="td"
          >
            2
          </td>
          <td
            class="td"
          >
            Inactive
          </td>
          <td
            class="td"
          >
            0h 6m
          </td>
          <td
            class="td"
          >
            <span>
              Nov 18, 2024, 11:21 AM
            </span>
          </td>
          <td
            class="td"
          >
            <span>
              Nov 18, 2024, 11:27 AM
            </span>
          </td>
          <td
            class="td"
          >
            FG-7863
          </td>
          <td
            class="td"
          >
            CAR
          </td>
          <td
            class="td"
          />
        </tr>
        <tr
          class="tr"
        >
          <td
            class="td"
          >
            ef026d47-70ce-45f6-9887-26135ef8768f
          </td>
          <td
            class="td"
          >
            2
          </td>
          <td
            class="td"
          >
            Inactive
          </td>
          <td
            class="td"
          >
            0h 0m
          </td>
          <td
            class="td"
          >
            <span>
              Nov 15, 2024, 10:04 PM
            </span>
          </td>
          <td
            class="td"
          >
            <span>
              Nov 15, 2024, 10:05 PM
            </span>
          </td>
          <td
            class="td"
          >
            PF-1324
          </td>
          <td
            class="td"
          >
            CAR
          </td>
          <td
            class="td"
          />
        </tr>
        <tr
          class="tr"
        >
          <td
            class="td"
          >
            14737b70-3918-47d6-a09c-2497f0c3e608
          </td>
          <td
            class="td"
          >
            3
          </td>
          <td
            class="td"
          >
            Inactive
          </td>
          <td
            class="td"
          >
            0h 0m
          </td>
          <td
            class="td"
          >
            <span>
              Nov 13, 2024, 5:14 PM
            </span>
          </td>
          <td
            class="td"
          >
            <span>
              Nov 13, 2024, 5:14 PM
            </span>
          </td>
          <td
            class="td"
          >
            PF-121296
          </td>
          <td
            class="td"
          >
            MOTOR
          </td>
          <td
            class="td"
          />
        </tr>
        <tr
          class="tr"
        >
          <td
            class="td"
          >
            53a1fa08-49ae-4c02-99fd-c1923d07e2d6
          </td>
          <td
            class="td"
          >
            1
          </td>
          <td
            class="td"
          >
            Inactive
          </td>
          <td
            class="td"
          >
            114h 16m
          </td>
          <td
            class="td"
          >
            <span>
              Nov 13, 2024, 5:09 PM
            </span>
          </td>
          <td
            class="td"
          >
            <span>
              Nov 18, 2024, 11:26 AM
            </span>
          </td>
          <td
            class="td"
          >
            GH-9823
          </td>
          <td
            class="td"
          >
            CAR
          </td>
          <td
            class="td"
          />
        </tr>
        <tr
          class="tr"
        >
          <td
            class="td"
          >
            21dfcfa4-6f2d-4bab-bad7-4ee557fedc1e
          </td>
          <td
            class="td"
          >
            1
          </td>
          <td
            class="td"
          >
            Inactive
          </td>
          <td
            class="td"
          >
            42h 40m
          </td>
          <td
            class="td"
          >
            <span>
              Nov 11, 2024, 10:29 PM
            </span>
          </td>
          <td
            class="td"
          >
            <span>
              Nov 13, 2024, 5:09 PM
            </span>
          </td>
          <td
            class="td"
          >
            KL-9881
          </td>
          <td
            class="td"
          >
            CAR
          </td>
          <td
            class="td"
          />
        </tr>
        <tr
          class="tr"
        >
          <td
            class="td"
          >
            1db3ddea-7537-4bf0-991e-ee40bdf74c01
          </td>
          <td
            class="td"
          >
            1
          </td>
          <td
            class="td"
          >
            Inactive
          </td>
          <td
            class="td"
          >
            2h 0m
          </td>
          <td
            class="td"
          >
            <span>
              Nov 11, 2024, 10:29 PM
            </span>
          </td>
          <td
            class="td"
          >
            <span>
              Nov 12, 2024, 12:29 AM
            </span>
          </td>
          <td
            class="td"
          >
            KL-9322
          </td>
          <td
            class="td"
          >
            CAR
          </td>
          <td
            class="td"
          />
        </tr>
        <tr
          class="tr"
        >
          <td
            class="td"
          >
            8bc4f4dc-a725-44ba-8f2d-e43a82f3c7cf
          </td>
          <td
            class="td"
          >
            1
          </td>
          <td
            class="td"
          >
            Active
          </td>
          <td
            class="td"
          >
            0h 0m
          </td>
          <td
            class="td"
          >
            <span>
              Nov 11, 2024, 10:29 PM
            </span>
          </td>
          <td
            class="td"
          >
            N/A
          </td>
          <td
            class="td"
          >
            WA-9322
          </td>
          <td
            class="td"
          >
            CAR
          </td>
          <td
            class="td"
          >
            <button
              class="button primary"
            >
              End
            </button>
          </td>
        </tr>
        <tr
          class="tr"
        >
          <td
            class="td"
          >
            a8f77a22-ec47-45ac-a98a-215abe2d0e0c
          </td>
          <td
            class="td"
          >
            1
          </td>
          <td
            class="td"
          >
            Inactive
          </td>
          <td
            class="td"
          >
            1954h 6m
          </td>
          <td
            class="td"
          >
            <span>
              Nov 11, 2024, 10:28 PM
            </span>
          </td>
          <td
            class="td"
          >
            <span>
              Feb 1, 2025, 8:34 AM
            </span>
          </td>
          <td
            class="td"
          >
            QA-9322
          </td>
          <td
            class="td"
          >
            CAR
          </td>
          <td
            class="td"
          />
        </tr>
        <tr
          class="tr"
        >
          <td
            class="td"
          >
            d79902b4-8baf-4396-acd1-c09cb4dbd73c
          </td>
          <td
            class="td"
          >
            1
          </td>
          <td
            class="td"
          >
            Inactive
          </td>
          <td
            class="td"
          >
            43h 6m
          </td>
          <td
            class="td"
          >
            <span>
              Nov 11, 2024, 10:28 PM
            </span>
          </td>
          <td
            class="td"
          >
            <span>
              Nov 13, 2024, 5:34 PM
            </span>
          </td>
          <td
            class="td"
          >
            RA-9322
          </td>
          <td
            class="td"
          >
            MOTOR
          </td>
          <td
            class="td"
          />
        </tr>
        <tr
          class="tr"
        >
          <td
            class="td"
          >
            96203099-bc7e-43db-9f3f-c8e212689e22
          </td>
          <td
            class="td"
          >
            1
          </td>
          <td
            class="td"
          >
            Active
          </td>
          <td
            class="td"
          >
            0h 0m
          </td>
          <td
            class="td"
          >
            <span>
              Nov 11, 2024, 10:28 PM
            </span>
          </td>
          <td
            class="td"
          >
            N/A
          </td>
          <td
            class="td"
          >
            ZA-9322
          </td>
          <td
            class="td"
          >
            MOTOR
          </td>
          <td
            class="td"
          >
            <button
              class="button primary"
            >
              End
            </button>
          </td>
        </tr>
        <tr
          class="tr"
        >
          <td
            class="td"
          >
            97241c6d-39ac-457b-81df-59bcf8f3775f
          </td>
          <td
            class="td"
          >
            1
          </td>
          <td
            class="td"
          >
            Inactive
          </td>
          <td
            class="td"
          >
            156h 58m
          </td>
          <td
            class="td"
          >
            <span>
              Nov 11, 2024, 10:28 PM
            </span>
          </td>
          <td
            class="td"
          >
            <span>
              Nov 18, 2024, 11:26 AM
            </span>
          </td>
          <td
            class="td"
          >
            ZA-9911
          </td>
          <td
            class="td"
          >
            MOTOR
          </td>
          <td
            class="td"
          />
        </tr>
        <tr
          class="tr"
        >
          <td
            class="td"
          >
            3ad9cc4c-0c53-40b8-95ec-f8e17b6b1638
          </td>
          <td
            class="td"
          >
            1
          </td>
          <td
            class="td"
          >
            Active
          </td>
          <td
            class="td"
          >
            0h 0m
          </td>
          <td
            class="td"
          >
            <span>
              Nov 11, 2024, 10:28 PM
            </span>
          </td>
          <td
            class="td"
          >
            N/A
          </td>
          <td
            class="td"
          >
            ZA-9712
          </td>
          <td
            class="td"
          >
            MOTOR
          </td>
          <td
            class="td"
          >
            <button
              class="button primary"
            >
              End
            </button>
          </td>
        </tr>
        <tr
          class="tr"
        >
          <td
            class="td"
          >
            c7dec29a-ab4e-4a05-a477-942d24246173
          </td>
          <td
            class="td"
          >
            1
          </td>
          <td
            class="td"
          >
            Active
          </td>
          <td
            class="td"
          >
            0h 0m
          </td>
          <td
            class="td"
          >
            <span>
              Nov 11, 2024, 10:28 PM
            </span>
          </td>
          <td
            class="td"
          >
            N/A
          </td>
          <td
            class="td"
          >
            ZA-8719
          </td>
          <td
            class="td"
          >
            MOTOR
          </td>
          <td
            class="td"
          >
            <button
              class="button primary"
            >
              End
            </button>
          </td>
        </tr>
        <tr
          class="tr"
        >
          <td
            class="td"
          >
            aefbae5f-932e-4414-9afe-d972a4742fee
          </td>
          <td
            class="td"
          >
            1
          </td>
          <td
            class="td"
          >
            Inactive
          </td>
          <td
            class="td"
          >
            156h 59m
          </td>
          <td
            class="td"
          >
            <span>
              Nov 11, 2024, 10:28 PM
            </span>
          </td>
          <td
            class="td"
          >
            <span>
              Nov 18, 2024, 11:27 AM
            </span>
          </td>
          <td
            class="td"
          >
            OP-8179
          </td>
          <td
            class="td"
          >
            MOTOR
          </td>
          <td
            class="td"
          />
        </tr>
        <tr
          class="tr"
        >
          <td
            class="td"
          >
            8a2d1550-1e5e-4acc-af32-b542d03aa09f
          </td>
          <td
            class="td"
          >
            1
          </td>
          <td
            class="td"
          >
            Active
          </td>
          <td
            class="td"
          >
            0h 0m
          </td>
          <td
            class="td"
          >
            <span>
              Nov 11, 2024, 10:27 PM
            </span>
          </td>
          <td
            class="td"
          >
            N/A
          </td>
          <td
            class="td"
          >
            KL-8179
          </td>
          <td
            class="td"
          >
            MOTOR
          </td>
          <td
            class="td"
          >
            <button
              class="button primary"
            >
              End
            </button>
          </td>
        </tr>
        <tr
          class="tr"
        >
          <td
            class="td"
          >
            fb5f93c4-490e-4138-af2b-65e282dc5163
          </td>
          <td
            class="td"
          >
            1
          </td>
          <td
            class="td"
          >
            Inactive
          </td>
          <td
            class="td"
          >
            1954h 10m
          </td>
          <td
            class="td"
          >
            <span>
              Nov 11, 2024, 10:27 PM
            </span>
          </td>
          <td
            class="td"
          >
            <span>
              Feb 1, 2025, 8:37 AM
            </span>
          </td>
          <td
            class="td"
          >
            QW-8179
          </td>
          <td
            class="td"
          >
            MOTOR
          </td>
          <td
            class="td"
          />
        </tr>
        <tr
          class="tr"
        >
          <td
            class="td"
          >
            651a3135-50f0-4c2a-af36-16810d9c2b6a
          </td>
          <td
            class="td"
          >
            1
          </td>
          <td
            class="td"
          >
            Active
          </td>
          <td
            class="td"
          >
            0h 0m
          </td>
          <td
            class="td"
          >
            <span>
              Nov 11, 2024, 10:27 PM
            </span>
          </td>
          <td
            class="td"
          >
            N/A
          </td>
          <td
            class="td"
          >
            KL-8179
          </td>
          <td
            class="td"
          >
            MOTOR
          </td>
          <td
            class="td"
          >
            <button
              class="button primary"
            >
              End
            </button>
          </td>
        </tr>
        <tr
          class="tr"
        >
          <td
            class="td"
          >
            f4074553-1cdc-4266-8575-86dff27c9fdc
          </td>
          <td
            class="td"
          >
            1
          </td>
          <td
            class="td"
          >
            Active
          </td>
          <td
            class="td"
          >
            0h 0m
          </td>
          <td
            class="td"
          >
            <span>
              Nov 11, 2024, 10:27 PM
            </span>
          </td>
          <td
            class="td"
          >
            N/A
          </td>
          <td
            class="td"
          >
            GS-8179
          </td>
          <td
            class="td"
          >
            MOTOR
          </td>
          <td
            class="td"
          >
            <button
              class="button primary"
            >
              End
            </button>
          </td>
        </tr>
        <tr
          class="tr"
        >
          <td
            class="td"
          >
            3c08a199-ebb6-4c68-b85c-62405f3f6198
          </td>
          <td
            class="td"
          >
            1
          </td>
          <td
            class="td"
          >
            Inactive
          </td>
          <td
            class="td"
          >
            1957h 17m
          </td>
          <td
            class="td"
          >
            <span>
              Nov 11, 2024, 10:27 PM
            </span>
          </td>
          <td
            class="td"
          >
            <span>
              Feb 1, 2025, 11:44 AM
            </span>
          </td>
          <td
            class="td"
          >
            DC-8179
          </td>
          <td
            class="td"
          >
            MOTOR
          </td>
          <td
            class="td"
          />
        </tr>
        <tr
          class="tr"
        >
          <td
            class="td"
          >
            35c61359-fcc3-497a-8c91-8dfe3307ce10
          </td>
          <td
            class="td"
          >
            1
          </td>
          <td
            class="td"
          >
            Active
          </td>
          <td
            class="td"
          >
            0h 0m
          </td>
          <td
            class="td"
          >
            <span>
              Nov 11, 2024, 10:27 PM
            </span>
          </td>
          <td
            class="td"
          >
            N/A
          </td>
          <td
            class="td"
          >
            DC-8171
          </td>
          <td
            class="td"
          >
            CAR
          </td>
          <td
            class="td"
          >
            <button
              class="button primary"
            >
              End
            </button>
          </td>
        </tr>
      </tbody>
    </table>
    <div
      class="pagination"
    >
      <button
        class="button"
        disabled=""
      >
        Previous
      </button>
      <span
        class="pageInfo"
      >
        Page 
        1
         of 
        27
      </span>
      <button
        class="button"
      >
        Next
      </button>
    </div>
  </div>
</div>
`;
